nohup: ignoring input
Server running on port 4000
Error: ER_DUP_ENTRY: Duplicate entry 'a@gmail.com' for key 'users.email'
    at Sequence._packetToError (/home/ec2-user/HooPlannedThis/server/node_modules/mysql/lib/protocol/sequences/Sequence.js:47:14)
    at Query.ErrorPacket (/home/ec2-user/HooPlannedThis/server/node_modules/mysql/lib/protocol/sequences/Query.js:79:18)
    at Protocol._parsePacket (/home/ec2-user/HooPlannedThis/server/node_modules/mysql/lib/protocol/Protocol.js:291:23)
    at Parser._parsePacket (/home/ec2-user/HooPlannedThis/server/node_modules/mysql/lib/protocol/Parser.js:433:10)
    at Parser.write (/home/ec2-user/HooPlannedThis/server/node_modules/mysql/lib/protocol/Parser.js:43:10)
    at Protocol.write (/home/ec2-user/HooPlannedThis/server/node_modules/mysql/lib/protocol/Protocol.js:38:16)
    at Socket.<anonymous> (/home/ec2-user/HooPlannedThis/server/node_modules/mysql/lib/Connection.js:88:28)
    at Socket.<anonymous> (/home/ec2-user/HooPlannedThis/server/node_modules/mysql/lib/Connection.js:526:10)
    at Socket.emit (node:events:517:28)
    at addChunk (node:internal/streams/readable:368:12)
    --------------------
    at Pool.query (/home/ec2-user/HooPlannedThis/server/node_modules/mysql/lib/Pool.js:199:23)
    at node:internal/util:441:7
    at new Promise (<anonymous>)
    at Pool.query (node:internal/util:427:12)
    at createUser (file:///home/ec2-user/HooPlannedThis/server/models/user.js:13:29)
    at file:///home/ec2-user/HooPlannedThis/server/index.js:47:22
Error: ER_DUP_ENTRY: Duplicate entry 'a@gmail.com' for key 'users.email'
    at Sequence._packetToError (/home/ec2-user/HooPlannedThis/server/node_modules/mysql/lib/protocol/sequences/Sequence.js:47:14)
    at Query.ErrorPacket (/home/ec2-user/HooPlannedThis/server/node_modules/mysql/lib/protocol/sequences/Query.js:79:18)
    at Protocol._parsePacket (/home/ec2-user/HooPlannedThis/server/node_modules/mysql/lib/protocol/Protocol.js:291:23)
    at Parser._parsePacket (/home/ec2-user/HooPlannedThis/server/node_modules/mysql/lib/protocol/Parser.js:433:10)
    at Parser.write (/home/ec2-user/HooPlannedThis/server/node_modules/mysql/lib/protocol/Parser.js:43:10)
    at Protocol.write (/home/ec2-user/HooPlannedThis/server/node_modules/mysql/lib/protocol/Protocol.js:38:16)
    at Socket.<anonymous> (/home/ec2-user/HooPlannedThis/server/node_modules/mysql/lib/Connection.js:88:28)
    at Socket.<anonymous> (/home/ec2-user/HooPlannedThis/server/node_modules/mysql/lib/Connection.js:526:10)
    at Socket.emit (node:events:517:28)
    at addChunk (node:internal/streams/readable:368:12)
    --------------------
    at Pool.query (/home/ec2-user/HooPlannedThis/server/node_modules/mysql/lib/Pool.js:199:23)
    at node:internal/util:441:7
    at new Promise (<anonymous>)
    at Pool.query (node:internal/util:427:12)
    at createUser (file:///home/ec2-user/HooPlannedThis/server/models/user.js:13:29)
    at file:///home/ec2-user/HooPlannedThis/server/index.js:47:22
Error: ER_DUP_ENTRY: Duplicate entry 'a@gmail.com' for key 'users.email'
    at Sequence._packetToError (/home/ec2-user/HooPlannedThis/server/node_modules/mysql/lib/protocol/sequences/Sequence.js:47:14)
    at Query.ErrorPacket (/home/ec2-user/HooPlannedThis/server/node_modules/mysql/lib/protocol/sequences/Query.js:79:18)
    at Protocol._parsePacket (/home/ec2-user/HooPlannedThis/server/node_modules/mysql/lib/protocol/Protocol.js:291:23)
    at Parser._parsePacket (/home/ec2-user/HooPlannedThis/server/node_modules/mysql/lib/protocol/Parser.js:433:10)
    at Parser.write (/home/ec2-user/HooPlannedThis/server/node_modules/mysql/lib/protocol/Parser.js:43:10)
    at Protocol.write (/home/ec2-user/HooPlannedThis/server/node_modules/mysql/lib/protocol/Protocol.js:38:16)
    at Socket.<anonymous> (/home/ec2-user/HooPlannedThis/server/node_modules/mysql/lib/Connection.js:88:28)
    at Socket.<anonymous> (/home/ec2-user/HooPlannedThis/server/node_modules/mysql/lib/Connection.js:526:10)
    at Socket.emit (node:events:517:28)
    at addChunk (node:internal/streams/readable:368:12)
    --------------------
    at Pool.query (/home/ec2-user/HooPlannedThis/server/node_modules/mysql/lib/Pool.js:199:23)
    at node:internal/util:441:7
    at new Promise (<anonymous>)
    at Pool.query (node:internal/util:427:12)
    at createUser (file:///home/ec2-user/HooPlannedThis/server/models/user.js:13:29)
    at file:///home/ec2-user/HooPlannedThis/server/index.js:47:22
Error: ER_DUP_ENTRY: Duplicate entry 'a@gmail.com' for key 'users.email'
    at Sequence._packetToError (/home/ec2-user/HooPlannedThis/server/node_modules/mysql/lib/protocol/sequences/Sequence.js:47:14)
    at Query.ErrorPacket (/home/ec2-user/HooPlannedThis/server/node_modules/mysql/lib/protocol/sequences/Query.js:79:18)
    at Protocol._parsePacket (/home/ec2-user/HooPlannedThis/server/node_modules/mysql/lib/protocol/Protocol.js:291:23)
    at Parser._parsePacket (/home/ec2-user/HooPlannedThis/server/node_modules/mysql/lib/protocol/Parser.js:433:10)
    at Parser.write (/home/ec2-user/HooPlannedThis/server/node_modules/mysql/lib/protocol/Parser.js:43:10)
    at Protocol.write (/home/ec2-user/HooPlannedThis/server/node_modules/mysql/lib/protocol/Protocol.js:38:16)
    at Socket.<anonymous> (/home/ec2-user/HooPlannedThis/server/node_modules/mysql/lib/Connection.js:88:28)
    at Socket.<anonymous> (/home/ec2-user/HooPlannedThis/server/node_modules/mysql/lib/Connection.js:526:10)
    at Socket.emit (node:events:517:28)
    at addChunk (node:internal/streams/readable:368:12)
    --------------------
    at Pool.query (/home/ec2-user/HooPlannedThis/server/node_modules/mysql/lib/Pool.js:199:23)
    at node:internal/util:441:7
    at new Promise (<anonymous>)
    at Pool.query (node:internal/util:427:12)
    at createUser (file:///home/ec2-user/HooPlannedThis/server/models/user.js:13:29)
    at file:///home/ec2-user/HooPlannedThis/server/index.js:47:22
